execve("./empty", ["./empty"], 0x7ffeefcbcce0 /* 50 vars */) = 0
brk(NULL)                               = 0x5584000
mmap(NULL, 8192, PROT_READ|PROT_WRITE, MAP_PRIVATE|MAP_ANONYMOUS, -1, 0) = 0x7f8c94758000
access("/etc/ld.so.preload", R_OK)      = -1 ENOENT (No such file or directory)
openat(AT_FDCWD, "/usr/local/lib/glibc-hwcaps/x86-64-v3/libc.so.6", O_RDONLY|O_CLOEXEC) = -1 ENOENT (No such file or directory)
newfstatat(AT_FDCWD, "/usr/local/lib/glibc-hwcaps/x86-64-v3/", 0x7ffe533c5190, 0) = -1 ENOENT (No such file or directory)
openat(AT_FDCWD, "/usr/local/lib/glibc-hwcaps/x86-64-v2/libc.so.6", O_RDONLY|O_CLOEXEC) = -1 ENOENT (No such file or directory)
newfstatat(AT_FDCWD, "/usr/local/lib/glibc-hwcaps/x86-64-v2/", 0x7ffe533c5190, 0) = -1 ENOENT (No such file or directory)
openat(AT_FDCWD, "/usr/local/lib/libc.so.6", O_RDONLY|O_CLOEXEC) = -1 ENOENT (No such file or directory)
newfstatat(AT_FDCWD, "/usr/local/lib/", {st_mode=S_IFDIR|0755, st_size=4096, ...}, 0) = 0
openat(AT_FDCWD, "/usr/lib/glibc-hwcaps/x86-64-v3/libc.so.6", O_RDONLY|O_CLOEXEC) = -1 ENOENT (No such file or directory)
newfstatat(AT_FDCWD, "/usr/lib/glibc-hwcaps/x86-64-v3/", 0x7ffe533c5190, 0) = -1 ENOENT (No such file or directory)
openat(AT_FDCWD, "/usr/lib/glibc-hwcaps/x86-64-v2/libc.so.6", O_RDONLY|O_CLOEXEC) = -1 ENOENT (No such file or directory)
newfstatat(AT_FDCWD, "/usr/lib/glibc-hwcaps/x86-64-v2/", 0x7ffe533c5190, 0) = -1 ENOENT (No such file or directory)
openat(AT_FDCWD, "/usr/lib/libc.so.6", O_RDONLY|O_CLOEXEC) = 3
read(3, "\177ELF\1\1\1\3\0\0\0\0\0\0\0\0\3\0\3\0\1\0\0\0p2\0\0004\0\0\0"..., 832) = 832
close(3)                                = 0
newfstatat(AT_FDCWD, "/usr/lib/", {st_mode=S_IFDIR|0555, st_size=4096, ...}, 0) = 0
openat(AT_FDCWD, "/opt/sfw/lib/glibc-hwcaps/x86-64-v3/libc.so.6", O_RDONLY|O_CLOEXEC) = -1 ENOENT (No such file or directory)
newfstatat(AT_FDCWD, "/opt/sfw/lib/glibc-hwcaps/x86-64-v3/", 0x7ffe533c5190, 0) = -1 ENOENT (No such file or directory)
openat(AT_FDCWD, "/opt/sfw/lib/glibc-hwcaps/x86-64-v2/libc.so.6", O_RDONLY|O_CLOEXEC) = -1 ENOENT (No such file or directory)
newfstatat(AT_FDCWD, "/opt/sfw/lib/glibc-hwcaps/x86-64-v2/", 0x7ffe533c5190, 0) = -1 ENOENT (No such file or directory)
openat(AT_FDCWD, "/opt/sfw/lib/libc.so.6", O_RDONLY|O_CLOEXEC) = -1 ENOENT (No such file or directory)
newfstatat(AT_FDCWD, "/opt/sfw/lib/", 0x7ffe533c5190, 0) = -1 ENOENT (No such file or directory)
openat(AT_FDCWD, "/usr/sfw/lib/glibc-hwcaps/x86-64-v3/libc.so.6", O_RDONLY|O_CLOEXEC) = -1 ENOENT (No such file or directory)
newfstatat(AT_FDCWD, "/usr/sfw/lib/glibc-hwcaps/x86-64-v3/", 0x7ffe533c5190, 0) = -1 ENOENT (No such file or directory)
openat(AT_FDCWD, "/usr/sfw/lib/glibc-hwcaps/x86-64-v2/libc.so.6", O_RDONLY|O_CLOEXEC) = -1 ENOENT (No such file or directory)
newfstatat(AT_FDCWD, "/usr/sfw/lib/glibc-hwcaps/x86-64-v2/", 0x7ffe533c5190, 0) = -1 ENOENT (No such file or directory)
openat(AT_FDCWD, "/usr/sfw/lib/libc.so.6", O_RDONLY|O_CLOEXEC) = -1 ENOENT (No such file or directory)
newfstatat(AT_FDCWD, "/usr/sfw/lib/", 0x7ffe533c5190, 0) = -1 ENOENT (No such file or directory)
openat(AT_FDCWD, "/usr/ccs/lib/glibc-hwcaps/x86-64-v3/libc.so.6", O_RDONLY|O_CLOEXEC) = -1 ENOENT (No such file or directory)
newfstatat(AT_FDCWD, "/usr/ccs/lib/glibc-hwcaps/x86-64-v3/", 0x7ffe533c5190, 0) = -1 ENOENT (No such file or directory)
openat(AT_FDCWD, "/usr/ccs/lib/glibc-hwcaps/x86-64-v2/libc.so.6", O_RDONLY|O_CLOEXEC) = -1 ENOENT (No such file or directory)
newfstatat(AT_FDCWD, "/usr/ccs/lib/glibc-hwcaps/x86-64-v2/", 0x7ffe533c5190, 0) = -1 ENOENT (No such file or directory)
openat(AT_FDCWD, "/usr/ccs/lib/libc.so.6", O_RDONLY|O_CLOEXEC) = -1 ENOENT (No such file or directory)
newfstatat(AT_FDCWD, "/usr/ccs/lib/", 0x7ffe533c5190, 0) = -1 ENOENT (No such file or directory)
openat(AT_FDCWD, "/etc/ld.so.cache", O_RDONLY|O_CLOEXEC) = 3
fstat(3, {st_mode=S_IFREG|0644, st_size=81863, ...}) = 0
mmap(NULL, 81863, PROT_READ, MAP_PRIVATE, 3, 0) = 0x7f8c94744000
close(3)                                = 0
openat(AT_FDCWD, "/lib64/libc.so.6", O_RDONLY|O_CLOEXEC) = 3
read(3, "\177ELF\2\1\1\3\0\0\0\0\0\0\0\0\3\0>\0\1\0\0\00007\0\0\0\0\0\0"..., 832) = 832
pread64(3, "\6\0\0\0\4\0\0\0@\0\0\0\0\0\0\0@\0\0\0\0\0\0\0@\0\0\0\0\0\0\0"..., 784, 64) = 784
fstat(3, {st_mode=S_IFREG|0755, st_size=2443336, ...}) = 0
pread64(3, "\6\0\0\0\4\0\0\0@\0\0\0\0\0\0\0@\0\0\0\0\0\0\0@\0\0\0\0\0\0\0"..., 784, 64) = 784
mmap(NULL, 2034736, PROT_READ|PROT_EXEC, MAP_PRIVATE|MAP_DENYWRITE, 3, 0) = 0x7f8c94553000
mmap(0x7f8c946c1000, 479232, PROT_READ, MAP_PRIVATE|MAP_FIXED|MAP_DENYWRITE, 3, 0x16e000) = 0x7f8c946c1000
mmap(0x7f8c94736000, 24576, PROT_READ|PROT_WRITE, MAP_PRIVATE|MAP_FIXED|MAP_DENYWRITE, 3, 0x1e2000) = 0x7f8c94736000
mmap(0x7f8c9473c000, 31792, PROT_READ|PROT_WRITE, MAP_PRIVATE|MAP_FIXED|MAP_ANONYMOUS, -1, 0) = 0x7f8c9473c000
close(3)                                = 0
mmap(NULL, 12288, PROT_READ|PROT_WRITE, MAP_PRIVATE|MAP_ANONYMOUS, -1, 0) = 0x7f8c94550000
arch_prctl(ARCH_SET_FS, 0x7f8c94550740) = 0
set_tid_address(0x7f8c94550a10)         = 1973528
set_robust_list(0x7f8c94550a20, 24)     = 0
rseq(0x7f8c94550680, 0x20, 0, 0x53053053) = 0
mprotect(0x7f8c94736000, 16384, PROT_READ) = 0
mprotect(0x402000, 4096, PROT_READ)     = 0
mprotect(0x7f8c94796000, 8192, PROT_READ) = 0
prlimit64(0, RLIMIT_STACK, NULL, {rlim_cur=8192*1024, rlim_max=RLIM64_INFINITY}) = 0
munmap(0x7f8c94744000, 81863)           = 0
exit_group(0)                           = ?
+++ exited with 0 +++
